**********************************************************************
** Visual Studio 2022 Developer Command Prompt v17.12.3
** Copyright (c) 2022 Microsoft Corporation
**********************************************************************
[vcvarsall.bat] Environment initialized for: 'x64'
cmd : C:\Users\phil\AppData\Roaming\Python\Python310\site-packages\torch\cuda\__init__.py:61: FutureWarning: The pynvml 
package is deprecated. Please install nvidia-ml-py instead. If you did not install pynvml directly, please report this to 
the maintainers of the package that installed pynvml for you.
At line:1 char:1
+ cmd /c build.bat > build_output.txt 2>&1
+ ~~~~~~~~~~~~~~~~~~~~~~~~~~~~~~~~~~~~~~~~
    + CategoryInfo          : NotSpecified: (C:\Users\phil\A...pynvml for you.:String) [], RemoteException
    + FullyQualifiedErrorId : NativeCommandError
 
  import pynvml  # type: ignore[import]
running build_ext
C:\Users\phil\AppData\Roaming\Python\Python310\site-packages\torch\utils\cpp_extension.py:448: UserWarning: The detected 
CUDA version (12.1) has a minor version mismatch with the version that was used to compile PyTorch (12.4). Most likely this 
shouldn't be a problem.
  warnings.warn(CUDA_MISMATCH_WARN.format(cuda_str_version, torch.version.cuda))
building 'primal_cuda' extension
C:\Users\phil\AppData\Roaming\Python\Python310\site-packages\torch\utils\cpp_extension.py:2059: UserWarning: 
TORCH_CUDA_ARCH_LIST is not set, all archs for visible cards are included for compilation. 
If this is not desired, please set os.environ['TORCH_CUDA_ARCH_LIST'].
  warnings.warn(
Emitting ninja build file C:\Users\phil\.gemini\antigravity\scratch\Primal-Discrete-LLM-Training\build\temp.win-amd64-cpython
-310\Release\build.ninja...
Compiling objects...
Allowing ninja to set a default number of workers... (overridable by setting the environment variable MAX_JOBS=N)
[1/2] cl /showIncludes /nologo /O2 /W3 /GL /DNDEBUG /MD /MD /wd4819 /wd4251 /wd4244 /wd4267 /wd4275 /wd4018 /wd4190 /wd4624 /wd4067 /wd4068 /EHsc -IC:\Users\phil\AppData\Roaming\Python\Python310\site-packages\torch\include -IC:\Users\phil\AppData\Roaming\Python\Python310\site-packages\torch\include\torch\csrc\api\include -IC:\Users\phil\AppData\Roaming\Python\Python310\site-packages\torch\include\TH -IC:\Users\phil\AppData\Roaming\Python\Python310\site-packages\torch\include\THC "-IC:\Program Files\NVIDIA GPU Computing Toolkit\CUDA\v12.1\include" "-IC:\Program Files\Python310\include" "-IC:\Program Files\Python310\Include" "-IC:\Program Files\Microsoft Visual Studio\2022\Community\VC\Tools\MSVC\14.42.34433\include" "-IC:\Program Files\Microsoft Visual Studio\2022\Community\VC\Tools\MSVC\14.42.34433\ATLMFC\include" "-IC:\Program Files\Microsoft Visual Studio\2022\Community\VC\Auxiliary\VS\include" "-IC:\Program Files (x86)\Windows Kits\10\include\10.0.22621.0\ucrt" "-IC:\Program Files (x86)\Windows Kits\10\\include\10.0.22621.0\\um" "-IC:\Program Files (x86)\Windows Kits\10\\include\10.0.22621.0\\shared" "-IC:\Program Files (x86)\Windows Kits\10\\include\10.0.22621.0\\winrt" "-IC:\Program Files (x86)\Windows Kits\10\\include\10.0.22621.0\\cppwinrt" "-IC:\Program Files (x86)\Windows Kits\NETFXSDK\4.8\include\um" -c C:\Users\phil\.gemini\antigravity\scratch\Primal-Discrete-LLM-Training\primal_cuda.cpp /FoC:\Users\phil\.gemini\antigravity\scratch\Primal-Discrete-LLM-Training\build\temp.win-amd64-cpython-310\Release\Users\phil\.gemini\antigravity\scratch\Primal-Discrete-LLM-Training\primal_cuda.obj -D_ALLOW_COMPILER_AND_STL_VERSION_MISMATCH -DTORCH_API_INCLUDE_EXTENSION_H -DTORCH_EXTENSION_NAME=primal_cuda -D_GLIBCXX_USE_CXX11_ABI=0 /std:c++17
[2/2] C:\Program Files\NVIDIA GPU Computing Toolkit\CUDA\v12.1\bin\nvcc --generate-dependencies-with-compile --dependency-output C:\Users\phil\.gemini\antigravity\scratch\Primal-Discrete-LLM-Training\build\temp.win-amd64-cpython-310\Release\Users\phil\.gemini\antigravity\scratch\Primal-Discrete-LLM-Training\primal_cuda_kernel.obj.d -std=c++17 --use-local-env -Xcompiler /MD -Xcompiler /wd4819 -Xcompiler /wd4251 -Xcompiler /wd4244 -Xcompiler /wd4267 -Xcompiler /wd4275 -Xcompiler /wd4018 -Xcompiler /wd4190 -Xcompiler /wd4624 -Xcompiler /wd4067 -Xcompiler /wd4068 -Xcompiler /EHsc -Xcudafe --diag_suppress=base_class_has_different_dll_interface -Xcudafe --diag_suppress=field_without_dll_interface -Xcudafe --diag_suppress=dll_interface_conflict_none_assumed -Xcudafe --diag_suppress=dll_interface_conflict_dllexport_assumed -IC:\Users\phil\AppData\Roaming\Python\Python310\site-packages\torch\include -IC:\Users\phil\AppData\Roaming\Python\Python310\site-packages\torch\include\torch\csrc\api\include -IC:\Users\phil\AppData\Roaming\Python\Python310\site-packages\torch\include\TH -IC:\Users\phil\AppData\Roaming\Python\Python310\site-packages\torch\include\THC "-IC:\Program Files\NVIDIA GPU Computing Toolkit\CUDA\v12.1\include" "-IC:\Program Files\Python310\include" "-IC:\Program Files\Python310\Include" "-IC:\Program Files\Microsoft Visual Studio\2022\Community\VC\Tools\MSVC\14.42.34433\include" "-IC:\Program Files\Microsoft Visual Studio\2022\Community\VC\Tools\MSVC\14.42.34433\ATLMFC\include" "-IC:\Program Files\Microsoft Visual Studio\2022\Community\VC\Auxiliary\VS\include" "-IC:\Program Files (x86)\Windows Kits\10\include\10.0.22621.0\ucrt" "-IC:\Program Files (x86)\Windows Kits\10\\include\10.0.22621.0\\um" "-IC:\Program Files (x86)\Windows Kits\10\\include\10.0.22621.0\\shared" "-IC:\Program Files (x86)\Windows Kits\10\\include\10.0.22621.0\\winrt" "-IC:\Program Files (x86)\Windows Kits\10\\include\10.0.22621.0\\cppwinrt" "-IC:\Program Files (x86)\Windows Kits\NETFXSDK\4.8\include\um" -c C:\Users\phil\.gemini\antigravity\scratch\Primal-Discrete-LLM-Training\primal_cuda_kernel.cu -o C:\Users\phil\.gemini\antigravity\scratch\Primal-Discrete-LLM-Training\build\temp.win-amd64-cpython-310\Release\Users\phil\.gemini\antigravity\scratch\Primal-Discrete-LLM-Training\primal_cuda_kernel.obj -D__CUDA_NO_HALF_OPERATORS__ -D__CUDA_NO_HALF_CONVERSIONS__ -D__CUDA_NO_BFLOAT16_CONVERSIONS__ -D__CUDA_NO_HALF2_OPERATORS__ --expt-relaxed-constexpr -allow-unsupported-compiler -D_ALLOW_COMPILER_AND_STL_VERSION_MISMATCH -DTORCH_API_INCLUDE_EXTENSION_H -DTORCH_EXTENSION_NAME=primal_cuda -D_GLIBCXX_USE_CXX11_ABI=0 -gencode=arch=compute_61,code=compute_61 -gencode=arch=compute_61,code=sm_61
primal_cuda_kernel.cu

tmpxft_00003d50_00000000-7_primal_cuda_kernel.cudafe1.cpp

creating C:\Users\phil\.gemini\antigravity\scratch\Primal-Discrete-LLM-Training\build\lib.win-amd64-cpython-310
"C:\Program Files\Microsoft Visual Studio\2022\Community\VC\Tools\MSVC\14.42.34433\bin\HostX64\x64\link.exe" /nologo /INCREMENTAL:NO /LTCG /DLL /MANIFEST:EMBED,ID=2 /MANIFESTUAC:NO /LIBPATH:C:\Users\phil\AppData\Roaming\Python\Python310\site-packages\torch\lib "/LIBPATH:C:\Program Files\NVIDIA GPU Computing Toolkit\CUDA\v12.1\lib\x64" "/LIBPATH:C:\Program Files\Python310\libs" "/LIBPATH:C:\Program Files\Python310" "/LIBPATH:C:\Program Files\Python310\PCbuild\amd64" "/LIBPATH:C:\Program Files\Microsoft Visual Studio\2022\Community\VC\Tools\MSVC\14.42.34433\ATLMFC\lib\x64" "/LIBPATH:C:\Program Files\Microsoft Visual Studio\2022\Community\VC\Tools\MSVC\14.42.34433\lib\x64" "/LIBPATH:C:\Program Files (x86)\Windows Kits\NETFXSDK\4.8\lib\um\x64" "/LIBPATH:C:\Program Files (x86)\Windows Kits\10\lib\10.0.22621.0\ucrt\x64" "/LIBPATH:C:\Program Files (x86)\Windows Kits\10\\lib\10.0.22621.0\\um\x64" c10.lib torch.lib torch_cpu.lib torch_python.lib cudart.lib c10_cuda.lib torch_cuda.lib /EXPORT:PyInit_primal_cuda C:\Users\phil\.gemini\antigravity\scratch\Primal-Discrete-LLM-Training\build\temp.win-amd64-cpython-310\Release\Users\phil\.gemini\antigravity\scratch\Primal-Discrete-LLM-Training\primal_cuda.obj C:\Users\phil\.gemini\antigravity\scratch\Primal-Discrete-LLM-Training\build\temp.win-amd64-cpython-310\Release\Users\phil\.gemini\antigravity\scratch\Primal-Discrete-LLM-Training\primal_cuda_kernel.obj /OUT:build\lib.win-amd64-cpython-310\primal_cuda.cp310-win_amd64.pyd /IMPLIB:C:\Users\phil\.gemini\antigravity\scratch\Primal-Discrete-LLM-Training\build\temp.win-amd64-cpython-310\Release\Users\phil\.gemini\antigravity\scratch\Primal-Discrete-LLM-Training\primal_cuda.cp310-win_amd64.lib
   Creating library C:\Users\phil\.gemini\antigravity\scratch\Primal-Discrete-LLM-Training\build\temp.win-amd64-cpython-310\Release\Users\phil\.gemini\antigravity\scratch\Primal-Discrete-LLM-Training\primal_cuda.cp310-win_amd64.lib and object C:\Users\phil\.gemini\antigravity\scratch\Primal-Discrete-LLM-Training\build\temp.win-amd64-cpython-310\Release\Users\phil\.gemini\antigravity\scratch\Primal-Discrete-LLM-Training\primal_cuda.cp310-win_amd64.exp
Generating code
Finished generating code
copying build\lib.win-amd64-cpython-310\primal_cuda.cp310-win_amd64.pyd -> 
